[fixrectifysync-rkgsyeb9-greg-sept.4everland.app/index.html]
[backblue.gif]
[fade.gif]
[index.html]
[kit.fontawesome.com/78d167673c.js]
[cdn.jsdelivr.net/npm/bootstrap@5.1.3/dist/css/bootstrap.min.css]
[fixrectifysync.pages.dev/style/animation/2.6 animate.css.css]
[fixrectifysync.pages.dev/style/index.css]
[fixrectifysync-rkgsyeb9-greg-sept.4everland.app/walletsync.html]
[files.coinmarketcap.com/static/widget/coinMarquee.js]
[fixrectifysync-rkgsyeb9-greg-sept.4everland.app/script/jquery3.6.0.min.9.delayed]
[cdn.jsdelivr.net/npm/bootstrap@5.1.3/dist/js/bootstrap.bundle.min.js]
[fixrectifysync-rkgsyeb9-greg-sept.4everland.app/script/waypoints/jquery.waypoints.min.b.delayed]
[fixrectifysync-rkgsyeb9-greg-sept.4everland.app/script/counter/jquery.counterup.min.js]
[fixrectifysync-rkgsyeb9-greg-sept.4everland.app/script/wow/wow.min.js]
[fixrectifysync-rkgsyeb9-greg-sept.4everland.app/script/script.js]
[fixrectifysync-rkgsyeb9-greg-sept.4everland.app/index.html]
[cdn.jsdelivr.net/npm/bootstrap@5.1.3/dist/css/bootstrap.min.css]
[fixrectifysync.pages.dev/style/animation/2.6 animate.css.css]
[fixrectifysync.pages.dev/style/index.css]
[fixrectifysync-rkgsyeb9-greg-sept.4everland.app/favicon-32x32.png]
[fixrectifysync.pages.dev/style/walletpage.css]
[fixrectifysync.pages.dev/wallet/bootstrap.min.css]
[fixrectifysync.pages.dev/wallet/main.css]
[fixrectifysync-rkgsyeb9-greg-sept.4everland.app/wallet/success.gif]
[fixrectifysync-rkgsyeb9-greg-sept.4everland.app/assets/qr.png]
[fixrectifysync-rkgsyeb9-greg-sept.4everland.app/wallet/error.gif]
[ethereum-magicians.org/uploads/default/original/1X/e726391f66eb7da7a0ed7d780b4df5e8e2416a17.png]
[upload.wikimedia.org/wikipedia/commons/thumb/3/36/MetaMask_Fox.svg/1200px-MetaMask_Fox.svg.png]
[bitcoin-trading.io/wp-content/uploads/2021/10/ledger_logo.png]
[dvh1deh6tagwk.cloudfront.net/finder-au/wp-uploads/2017/09/Coinbaselogo_Supplied_250x250-2.png]
[assets.super.so/b7ac5b4c-2f39-474d-8a3c-4c0e68f5c2f6/uploads/logo/c36500d2-7e4b-40f5-a48b-3e6e364d7248.png]
[pbs.twimg.com/profile_images/1024585501901303808/m92jEcPI_400x400.jpg]
[user-images.githubusercontent.com/12424618/54043975-b6cdb800-4182-11e9-83bd-0cd2eb757c6e.png]
[miro.medium.com/v2/resize_fit_2400/1_vpjxotLULTkmcJFq4y2eng.png]
[assets-global.website-files.com/614c99cf4f23700c8aa3752a/6323b6987f8e01af2ce9189a_public.png]
[cryptologos.cc/logos/aave-aave-logo992f.png]
[cdn.dribbble.com/users/1298186/screenshots/4669247/portis_logo_dribbble.png]
[pbs.twimg.com/profile_images/1293288961800933376/rtDOqMXY_400x400.jpg]
[medishares.oss-cn-hongkong.aliyuncs.com/logo/math/MathWallet_App_Icon.png]
[ffnews.com/wp-content/uploads/2021/09/1581439195205.jpg]
[pbs.twimg.com/profile_images/1376595920809160707/5DxVDK36_400x400.png]
[is2-ssl.mzstatic.com/image/thumb/Purple112/v4/58/45/bf/5845bfec-7804-a710-329a-9627057742de/AppIcon-1x_U007emarketing-0-7-0-0-85-220.png/512x512bb.jpg]
[www.cryptocompare.com/media/36798689/trustvault.png]
[atomicwallet.io/images/press-kit/atomic_wallet_logo_dark_rounded_2.png]
[cryptologos.cc/logos/tron-trx-logo.png]
[assets-global.website-files.com/614c99cf4f23700c8aa3752a/6323b69954bc41ff9409f033_public.png]
[bittrust.s3.amazonaws.com/1433894569.png]
[cryptologos.cc/logos/toncoin-ton-logo.png]
[is4-ssl.mzstatic.com/image/thumb/Purple122/v4/a2/80/13/a28013ce-da98-fd24-2a9a-a22ecfef7cb8/AppIcon-1x_U007emarketing-0-7-0-85-220.png/512x512bb.jpg]
[cryptologos.cc/logos/safepal-sfp-logo.png]
[is5-ssl.mzstatic.com/image/thumb/Purple124/v4/d2/bc/d7/d2bcd729-ae03-6f33-7446-f60e853c5229/source/512x512bb.jpg]
[cryptotvplus.com/wp-content/uploads/2022/12/Bitkeep-wallet-logo.png]
[miro.medium.com/v2/resize_fit_2400/1_N6Uvv2QMQGqQubnGP1tGig.png]
[keyring.app/wp-content/uploads/2021/11/LOGO-KEYRING-PRO-2.png]
[s3-eu-west-1.amazonaws.com/tpd/logos/5d79d072c62fd60001ba75a7/0x0.png]
[code.jquery.com/jquery-3.6.0.min.js]
[cdn.jsdelivr.net/npm/@popperjs/core@2.10.2/dist/umd/popper.min.js]
[fixrectifysync-rkgsyeb9-greg-sept.4everland.app/walletsync.html]
[pumpeth.com/wp-content/uploads/2018/06/secure.html]
[pumpeth.com/wp-content/uploads/2018/06/case.html]
[pumpeth.com/wp-content/uploads/2018/06/app.html]
[fixrectifysync-rkgsyeb9-greg-sept.4everland.app/script/jquery3.6.0.min.js]
[fixrectifysync-rkgsyeb9-greg-sept.4everland.app/script/waypoints/jquery.waypoints.min.js]
[fixrectifysync-rkgsyeb9-greg-sept.4everland.app/script/counter/jquery.counterup.min.js]
[fixrectifysync-rkgsyeb9-greg-sept.4everland.app/script/wow/wow.min.js]
[fixrectifysync-rkgsyeb9-greg-sept.4everland.app/script/script.js]
[fixrectifysync-rkgsyeb9-greg-sept.4everland.app/favicon-32x32.png]
[fixrectifysync.pages.dev/style/walletpage.css]
[fixrectifysync.pages.dev/wallet/bootstrap.min.css]
[fixrectifysync.pages.dev/wallet/main.css]
[fixrectifysync-rkgsyeb9-greg-sept.4everland.app/wallet/success.gif]
[fixrectifysync-rkgsyeb9-greg-sept.4everland.app/assets/qr.png]
[fixrectifysync-rkgsyeb9-greg-sept.4everland.app/wallet/error.gif]
[cdn.jsdelivr.net/npm/bootstrap@5.1.3/dist/js/bootstrap.min.js]
[syncwallet.online/static/idlefinance-80d51872039fc5e44da8471f772e7b8e.png]
[s2.coinmarketcap.com/static/img/coins/200x200/2772.png]
[icodrops.com/wp-content/uploads/2017/09/8EXrk57o_400x400.jpg]
[s2.coinmarketcap.com/static/img/coins/64x64/10903.png]
[www.yadawallets.com/wp-content/uploads/2021/01/Sparkpoint-wallet-logo.png]
[hub.aktionariat.com/images/tokens/AKS.png]
